(TranslationUnit
    (SymbolTable
        1
        {
            __main__:
                (Module
                    (SymbolTable
                        2
                        {
                            __main____global_statements:
                                (Function
                                    (SymbolTable
                                        4
                                        {
                                            
                                        })
                                    __main____global_statements
                                    (FunctionType
                                        []
                                        ()
                                        Source
                                        Implementation
                                        ()
                                        .false.
                                        .false.
                                        .false.
                                        .false.
                                        .false.
                                        []
                                        .false.
                                    )
                                    [testEndSepKeywords]
                                    []
                                    [(SubroutineCall
                                        2 testEndSepKeywords
                                        ()
                                        []
                                        ()
                                    )]
                                    ()
                                    Public
                                    .false.
                                    .false.
                                    ()
                                ),
                            testEndSepKeywords:
                                (Function
                                    (SymbolTable
                                        3
                                        {
                                            
                                        })
                                    testEndSepKeywords
                                    (FunctionType
                                        []
                                        ()
                                        Source
                                        Implementation
                                        ()
                                        .false.
                                        .false.
                                        .false.
                                        .false.
                                        .false.
                                        []
                                        .false.
                                    )
                                    []
                                    []
                                    [(Print
                                        ()
                                        [(StringConstant
                                            "abc"
                                            (Character 1 3 ())
                                        )
                                        (StringConstant
                                            "lmn"
                                            (Character 1 3 ())
                                        )
                                        (StringConstant
                                            "pqr"
                                            (Character 1 3 ())
                                        )]
                                        ()
                                        ()
                                    )
                                    (Print
                                        ()
                                        [(StringConstant
                                            "abc"
                                            (Character 1 3 ())
                                        )
                                        (StringConstant
                                            "lmn"
                                            (Character 1 3 ())
                                        )
                                        (StringConstant
                                            "pqr"
                                            (Character 1 3 ())
                                        )]
                                        (StringConstant
                                            "+"
                                            (Character 1 1 ())
                                        )
                                        ()
                                    )
                                    (Print
                                        ()
                                        [(StringConstant
                                            "abc"
                                            (Character 1 3 ())
                                        )
                                        (StringConstant
                                            "lmn"
                                            (Character 1 3 ())
                                        )
                                        (StringConstant
                                            "pqr"
                                            (Character 1 3 ())
                                        )]
                                        ()
                                        (StringConstant
                                            "xyz\n"
                                            (Character 1 4 ())
                                        )
                                    )
                                    (Print
                                        ()
                                        [(StringConstant
                                            "abc"
                                            (Character 1 3 ())
                                        )
                                        (StringConstant
                                            "lmn"
                                            (Character 1 3 ())
                                        )
                                        (StringConstant
                                            "pqr"
                                            (Character 1 3 ())
                                        )]
                                        (StringConstant
                                            "+"
                                            (Character 1 1 ())
                                        )
                                        (StringConstant
                                            "xyz\n"
                                            (Character 1 4 ())
                                        )
                                    )]
                                    ()
                                    Public
                                    .false.
                                    .false.
                                    ()
                                )
                        })
                    __main__
                    []
                    .false.
                    .false.
                ),
            main_program:
                (Program
                    (SymbolTable
                        5
                        {
                            __main____global_statements:
                                (ExternalSymbol
                                    5
                                    __main____global_statements
                                    2 __main____global_statements
                                    __main__
                                    []
                                    __main____global_statements
                                    Public
                                )
                        })
                    main_program
                    [__main__]
                    [(SubroutineCall
                        5 __main____global_statements
                        2 __main____global_statements
                        []
                        ()
                    )]
                )
        })
    []
)
