(TranslationUnit
    (SymbolTable
        1
        {
            __main__:
                (Module
                    (SymbolTable
                        2
                        {
                            __main____global_statements:
                                (Function
                                    (SymbolTable
                                        3
                                        {
                                            
                                        })
                                    __main____global_statements
                                    (FunctionType
                                        []
                                        ()
                                        Source
                                        Implementation
                                        ()
                                        .false.
                                        .false.
                                        .false.
                                        .false.
                                        .false.
                                        []
                                        .false.
                                    )
                                    []
                                    []
                                    [(=
                                        (Var 2 i)
                                        (IntegerConstant 5 (Integer 4))
                                        ()
                                    )]
                                    ()
                                    Public
                                    .false.
                                    .false.
                                    ()
                                ),
                            i:
                                (Variable
                                    2
                                    i
                                    []
                                    Local
                                    ()
                                    ()
                                    Default
                                    (Integer 4)
                                    ()
                                    Source
                                    Public
                                    Required
                                    .false.
                                )
                        })
                    __main__
                    []
                    .false.
                    .false.
                ),
            main_program:
                (Program
                    (SymbolTable
                        4
                        {
                            __main____global_statements:
                                (ExternalSymbol
                                    4
                                    __main____global_statements
                                    2 __main____global_statements
                                    __main__
                                    []
                                    __main____global_statements
                                    Public
                                )
                        })
                    main_program
                    [__main__]
                    [(SubroutineCall
                        4 __main____global_statements
                        2 __main____global_statements
                        []
                        ()
                    )]
                )
        })
    []
)
