(TranslationUnit
    (SymbolTable
        1
        {
            _global_symbols:
                (Module
                    (SymbolTable
                        8
                        {
                            A:
                                (StructType
                                    (SymbolTable
                                        2
                                        {
                                            x:
                                                (Variable
                                                    2
                                                    x
                                                    []
                                                    Local
                                                    ()
                                                    ()
                                                    Default
                                                    (Integer 4)
                                                    ()
                                                    Source
                                                    Public
                                                    Required
                                                    .false.
                                                ),
                                            y:
                                                (Variable
                                                    2
                                                    y
                                                    []
                                                    Local
                                                    ()
                                                    ()
                                                    Default
                                                    (Real 4)
                                                    ()
                                                    Source
                                                    Public
                                                    Required
                                                    .false.
                                                )
                                        })
                                    A
                                    []
                                    [x
                                    y]
                                    Source
                                    Public
                                    .false.
                                    .false.
                                    [(())
                                    (())]
                                    ()
                                    ()
                                ),
                            _lpython_main_program:
                                (Function
                                    (SymbolTable
                                        7
                                        {
                                            
                                        })
                                    _lpython_main_program
                                    (FunctionType
                                        []
                                        ()
                                        Source
                                        Implementation
                                        ()
                                        .false.
                                        .false.
                                        .false.
                                        .false.
                                        .false.
                                        []
                                        []
                                        .false.
                                    )
                                    [g]
                                    []
                                    [(SubroutineCall
                                        8 g
                                        ()
                                        []
                                        ()
                                    )]
                                    ()
                                    Public
                                    .false.
                                    .false.
                                    ()
                                ),
                            f:
                                (Function
                                    (SymbolTable
                                        3
                                        {
                                            a:
                                                (Variable
                                                    3
                                                    a
                                                    []
                                                    In
                                                    ()
                                                    ()
                                                    Default
                                                    (CPtr)
                                                    ()
                                                    BindC
                                                    Public
                                                    Required
                                                    .true.
                                                ),
                                            a1:
                                                (Variable
                                                    3
                                                    a1
                                                    []
                                                    Local
                                                    ()
                                                    ()
                                                    Default
                                                    (Struct
                                                        8 A
                                                    )
                                                    ()
                                                    Source
                                                    Public
                                                    Required
                                                    .false.
                                                ),
                                            a2:
                                                (Variable
                                                    3
                                                    a2
                                                    []
                                                    Local
                                                    ()
                                                    ()
                                                    Default
                                                    (Pointer
                                                        (Struct
                                                            8 A
                                                        )
                                                    )
                                                    ()
                                                    Source
                                                    Public
                                                    Required
                                                    .false.
                                                ),
                                            x:
                                                (Variable
                                                    3
                                                    x
                                                    []
                                                    Local
                                                    ()
                                                    ()
                                                    Default
                                                    (Integer 4)
                                                    ()
                                                    Source
                                                    Public
                                                    Required
                                                    .false.
                                                ),
                                            y:
                                                (Variable
                                                    3
                                                    y
                                                    []
                                                    Local
                                                    ()
                                                    ()
                                                    Default
                                                    (Real 4)
                                                    ()
                                                    Source
                                                    Public
                                                    Required
                                                    .false.
                                                )
                                        })
                                    f
                                    (FunctionType
                                        [(CPtr)]
                                        ()
                                        BindC
                                        Implementation
                                        ()
                                        .false.
                                        .false.
                                        .false.
                                        .false.
                                        .false.
                                        []
                                        []
                                        .false.
                                    )
                                    []
                                    [(Var 3 a)]
                                    [(=
                                        (Var 3 a1)
                                        (StructTypeConstructor
                                            8 A
                                            [((IntegerConstant 3 (Integer 4)))
                                            ((Cast
                                                (RealConstant
                                                    3.250000
                                                    (Real 8)
                                                )
                                                RealToReal
                                                (Real 4)
                                                (RealConstant
                                                    3.250000
                                                    (Real 4)
                                                )
                                            ))]
                                            (Struct
                                                8 A
                                            )
                                            ()
                                        )
                                        ()
                                    )
                                    (=
                                        (Var 3 a2)
                                        (GetPointer
                                            (Var 3 a1)
                                            (Pointer
                                                (Struct
                                                    8 A
                                                )
                                            )
                                            ()
                                        )
                                        ()
                                    )
                                    (Print
                                        ()
                                        [(Var 3 a2)
                                        (GetPointer
                                            (Var 3 a1)
                                            (Pointer
                                                (Struct
                                                    8 A
                                                )
                                            )
                                            ()
                                        )]
                                        ()
                                        ()
                                    )
                                    (=
                                        (Var 3 x)
                                        (StructInstanceMember
                                            (Var 3 a2)
                                            2 x
                                            (Integer 4)
                                            ()
                                        )
                                        ()
                                    )
                                    (=
                                        (Var 3 y)
                                        (StructInstanceMember
                                            (Var 3 a2)
                                            2 y
                                            (Real 4)
                                            ()
                                        )
                                        ()
                                    )
                                    (Assert
                                        (IntegerCompare
                                            (Var 3 x)
                                            Eq
                                            (IntegerConstant 3 (Integer 4))
                                            (Logical 4)
                                            ()
                                        )
                                        ()
                                    )
                                    (Assert
                                        (RealCompare
                                            (Cast
                                                (Var 3 y)
                                                RealToReal
                                                (Real 8)
                                                ()
                                            )
                                            Eq
                                            (RealConstant
                                                3.250000
                                                (Real 8)
                                            )
                                            (Logical 4)
                                            ()
                                        )
                                        ()
                                    )
                                    (CPtrToPointer
                                        (Var 3 a)
                                        (Var 3 a2)
                                        ()
                                        ()
                                    )
                                    (Print
                                        ()
                                        [(Var 3 a)
                                        (Var 3 a2)
                                        (GetPointer
                                            (Var 3 a1)
                                            (Pointer
                                                (Struct
                                                    8 A
                                                )
                                            )
                                            ()
                                        )]
                                        ()
                                        ()
                                    )]
                                    ()
                                    Public
                                    .false.
                                    .false.
                                    ()
                                ),
                            g:
                                (Function
                                    (SymbolTable
                                        4
                                        {
                                            b:
                                                (Variable
                                                    4
                                                    b
                                                    []
                                                    Local
                                                    ()
                                                    ()
                                                    Default
                                                    (CPtr)
                                                    ()
                                                    Source
                                                    Public
                                                    Required
                                                    .false.
                                                )
                                        })
                                    g
                                    (FunctionType
                                        []
                                        ()
                                        Source
                                        Implementation
                                        ()
                                        .false.
                                        .false.
                                        .false.
                                        .false.
                                        .false.
                                        []
                                        []
                                        .false.
                                    )
                                    [f]
                                    []
                                    [(=
                                        (Var 4 b)
                                        (PointerNullConstant
                                            (CPtr)
                                        )
                                        ()
                                    )
                                    (SubroutineCall
                                        8 f
                                        ()
                                        [((Var 4 b))]
                                        ()
                                    )]
                                    ()
                                    Public
                                    .false.
                                    .false.
                                    ()
                                )
                        })
                    _global_symbols
                    []
                    .false.
                    .false.
                ),
            main_program:
                (Program
                    (SymbolTable
                        6
                        {
                            _lpython_main_program:
                                (ExternalSymbol
                                    6
                                    _lpython_main_program
                                    8 _lpython_main_program
                                    _global_symbols
                                    []
                                    _lpython_main_program
                                    Public
                                )
                        })
                    main_program
                    [_global_symbols]
                    [(SubroutineCall
                        6 _lpython_main_program
                        ()
                        []
                        ()
                    )]
                )
        })
    []
)
