(TranslationUnit
    (SymbolTable
        1
        {
            _global_symbols:
                (Module
                    (SymbolTable
                        9
                        {
                            _lpython_main_program:
                                (Function
                                    (SymbolTable
                                        8
                                        {
                                            
                                        })
                                    _lpython_main_program
                                    (FunctionType
                                        []
                                        ()
                                        Source
                                        Implementation
                                        ()
                                        .false.
                                        .false.
                                        .false.
                                        .false.
                                        .false.
                                        []
                                        []
                                        .false.
                                    )
                                    [main0]
                                    []
                                    [(SubroutineCall
                                        9 main0
                                        ()
                                        []
                                        ()
                                    )]
                                    ()
                                    Public
                                    .false.
                                    .false.
                                    ()
                                ),
                            f:
                                (ExternalSymbol
                                    9
                                    f
                                    2 f
                                    modules_02b
                                    []
                                    f
                                    Public
                                ),
                            main0:
                                (Function
                                    (SymbolTable
                                        6
                                        {
                                            x:
                                                (Variable
                                                    6
                                                    x
                                                    []
                                                    Local
                                                    ()
                                                    ()
                                                    Default
                                                    (Integer 4)
                                                    ()
                                                    Source
                                                    Public
                                                    Required
                                                    .false.
                                                )
                                        })
                                    main0
                                    (FunctionType
                                        []
                                        ()
                                        Source
                                        Implementation
                                        ()
                                        .false.
                                        .false.
                                        .false.
                                        .false.
                                        .false.
                                        []
                                        []
                                        .false.
                                    )
                                    [f]
                                    []
                                    [(=
                                        (Var 6 x)
                                        (IntegerBinOp
                                            (IntegerBinOp
                                                (IntegerConstant 2 (Integer 4))
                                                Add
                                                (IntegerConstant 3 (Integer 4))
                                                (Integer 4)
                                                (IntegerConstant 5 (Integer 4))
                                            )
                                            Mul
                                            (IntegerConstant 5 (Integer 4))
                                            (Integer 4)
                                            (IntegerConstant 25 (Integer 4))
                                        )
                                        ()
                                    )
                                    (Assert
                                        (IntegerCompare
                                            (Var 6 x)
                                            Eq
                                            (IntegerConstant 25 (Integer 4))
                                            (Logical 4)
                                            ()
                                        )
                                        ()
                                    )
                                    (SubroutineCall
                                        9 f
                                        ()
                                        []
                                        ()
                                    )]
                                    ()
                                    Public
                                    .false.
                                    .false.
                                    ()
                                )
                        })
                    _global_symbols
                    [modules_02b]
                    .false.
                    .false.
                ),
            main_program:
                (Program
                    (SymbolTable
                        7
                        {
                            _lpython_main_program:
                                (ExternalSymbol
                                    7
                                    _lpython_main_program
                                    9 _lpython_main_program
                                    _global_symbols
                                    []
                                    _lpython_main_program
                                    Public
                                )
                        })
                    main_program
                    [_global_symbols]
                    [(SubroutineCall
                        7 _lpython_main_program
                        ()
                        []
                        ()
                    )]
                ),
            modules_02b:
                (Module
                    (SymbolTable
                        2
                        {
                            f:
                                (Function
                                    (SymbolTable
                                        5
                                        {
                                            
                                        })
                                    f
                                    (FunctionType
                                        []
                                        ()
                                        Source
                                        Implementation
                                        ()
                                        .false.
                                        .false.
                                        .false.
                                        .false.
                                        .false.
                                        []
                                        []
                                        .false.
                                    )
                                    [g]
                                    []
                                    [(SubroutineCall
                                        2 g
                                        ()
                                        []
                                        ()
                                    )
                                    (Print
                                        ()
                                        [(StringConstant
                                            "f()"
                                            (Character 1 3 ())
                                        )]
                                        ()
                                        ()
                                    )]
                                    ()
                                    Public
                                    .false.
                                    .false.
                                    ()
                                ),
                            g:
                                (ExternalSymbol
                                    2
                                    g
                                    3 g
                                    modules_02c
                                    []
                                    g
                                    Public
                                )
                        })
                    modules_02b
                    [modules_02c]
                    .false.
                    .false.
                ),
            modules_02c:
                (Module
                    (SymbolTable
                        3
                        {
                            g:
                                (Function
                                    (SymbolTable
                                        4
                                        {
                                            
                                        })
                                    g
                                    (FunctionType
                                        []
                                        ()
                                        Source
                                        Implementation
                                        ()
                                        .false.
                                        .false.
                                        .false.
                                        .false.
                                        .false.
                                        []
                                        []
                                        .false.
                                    )
                                    []
                                    []
                                    [(Print
                                        ()
                                        [(StringConstant
                                            "g()"
                                            (Character 1 3 ())
                                        )]
                                        ()
                                        ()
                                    )]
                                    ()
                                    Public
                                    .false.
                                    .false.
                                    ()
                                )
                        })
                    modules_02c
                    []
                    .false.
                    .false.
                )
        })
    []
)
