(TranslationUnit
    (SymbolTable
        1
        {
            _global_symbols:
                (Module
                    (SymbolTable
                        13
                        {
                            _lpython_main_program:
                                (Function
                                    (SymbolTable
                                        12
                                        {
                                            
                                        })
                                    _lpython_main_program
                                    (FunctionType
                                        []
                                        ()
                                        Source
                                        Implementation
                                        ()
                                        .false.
                                        .false.
                                        .false.
                                        .false.
                                        .false.
                                        []
                                        []
                                        .false.
                                    )
                                    [sys@global_initializer
                                    test_for]
                                    []
                                    [(SubroutineCall
                                        13 sys@global_initializer
                                        2 global_initializer
                                        []
                                        ()
                                    )
                                    (SubroutineCall
                                        13 test_for
                                        ()
                                        []
                                        ()
                                    )]
                                    ()
                                    Public
                                    .false.
                                    .false.
                                    ()
                                ),
                            exit:
                                (ExternalSymbol
                                    13
                                    exit
                                    2 exit
                                    sys
                                    []
                                    exit
                                    Public
                                ),
                            sys@global_initializer:
                                (ExternalSymbol
                                    13
                                    sys@global_initializer
                                    2 global_initializer
                                    sys
                                    []
                                    global_initializer
                                    Public
                                ),
                            test_for:
                                (Function
                                    (SymbolTable
                                        9
                                        {
                                            i:
                                                (Variable
                                                    9
                                                    i
                                                    []
                                                    Local
                                                    ()
                                                    ()
                                                    Default
                                                    (Integer 4)
                                                    ()
                                                    Source
                                                    Public
                                                    Required
                                                    .false.
                                                )
                                        })
                                    test_for
                                    (FunctionType
                                        []
                                        ()
                                        Source
                                        Implementation
                                        ()
                                        .false.
                                        .false.
                                        .false.
                                        .false.
                                        .false.
                                        []
                                        []
                                        .false.
                                    )
                                    [exit]
                                    []
                                    [(DoLoop
                                        ()
                                        ((Var 9 i)
                                        (IntegerConstant 0 (Integer 4))
                                        (IntegerBinOp
                                            (IntegerConstant 10 (Integer 4))
                                            Sub
                                            (IntegerConstant 1 (Integer 4))
                                            (Integer 4)
                                            (IntegerConstant 9 (Integer 4))
                                        )
                                        (IntegerConstant 1 (Integer 4)))
                                        [(If
                                            (IntegerCompare
                                                (Var 9 i)
                                                Eq
                                                (IntegerConstant 0 (Integer 4))
                                                (Logical 4)
                                                ()
                                            )
                                            [(Cycle
                                                ()
                                            )]
                                            []
                                        )
                                        (If
                                            (IntegerCompare
                                                (Var 9 i)
                                                Gt
                                                (IntegerConstant 5 (Integer 4))
                                                (Logical 4)
                                                ()
                                            )
                                            [(Exit
                                                ()
                                            )]
                                            []
                                        )
                                        (If
                                            (IntegerCompare
                                                (Var 9 i)
                                                Eq
                                                (IntegerConstant 3 (Integer 4))
                                                (Logical 4)
                                                ()
                                            )
                                            [(Stop
                                                ()
                                            )]
                                            []
                                        )]
                                    )
                                    (SubroutineCall
                                        13 exit
                                        ()
                                        [((IntegerConstant 2 (Integer 4)))]
                                        ()
                                    )]
                                    ()
                                    Public
                                    .false.
                                    .false.
                                    ()
                                )
                        })
                    _global_symbols
                    [sys]
                    .false.
                    .false.
                ),
            main_program:
                (Program
                    (SymbolTable
                        11
                        {
                            _lpython_main_program:
                                (ExternalSymbol
                                    11
                                    _lpython_main_program
                                    13 _lpython_main_program
                                    _global_symbols
                                    []
                                    _lpython_main_program
                                    Public
                                )
                        })
                    main_program
                    [_global_symbols]
                    [(SubroutineCall
                        11 _lpython_main_program
                        ()
                        []
                        ()
                    )]
                ),
            sys:
                (Module
                    (SymbolTable
                        2
                        {
                            _lpython_argv:
                                (Function
                                    (SymbolTable
                                        6
                                        {
                                            _lpython_return_variable:
                                                (Variable
                                                    6
                                                    _lpython_return_variable
                                                    []
                                                    ReturnVar
                                                    ()
                                                    ()
                                                    Default
                                                    (List
                                                        (Character 1 -2 ())
                                                    )
                                                    ()
                                                    Source
                                                    Public
                                                    Required
                                                    .false.
                                                ),
                                            argc:
                                                (Variable
                                                    6
                                                    argc
                                                    []
                                                    Local
                                                    ()
                                                    ()
                                                    Default
                                                    (Integer 4)
                                                    ()
                                                    Source
                                                    Public
                                                    Required
                                                    .false.
                                                ),
                                            argv:
                                                (Variable
                                                    6
                                                    argv
                                                    []
                                                    Local
                                                    ()
                                                    ()
                                                    Default
                                                    (List
                                                        (Character 1 -2 ())
                                                    )
                                                    ()
                                                    Source
                                                    Public
                                                    Required
                                                    .false.
                                                ),
                                            i:
                                                (Variable
                                                    6
                                                    i
                                                    []
                                                    Local
                                                    ()
                                                    ()
                                                    Default
                                                    (Integer 4)
                                                    ()
                                                    Source
                                                    Public
                                                    Required
                                                    .false.
                                                )
                                        })
                                    _lpython_argv
                                    (FunctionType
                                        []
                                        (List
                                            (Character 1 -2 ())
                                        )
                                        Source
                                        Implementation
                                        ()
                                        .false.
                                        .false.
                                        .false.
                                        .false.
                                        .false.
                                        []
                                        []
                                        .false.
                                    )
                                    [_lpython_get_argc
                                    _lpython_get_argv]
                                    []
                                    [(=
                                        (Var 6 argc)
                                        (FunctionCall
                                            2 _lpython_get_argc
                                            ()
                                            []
                                            (Integer 4)
                                            ()
                                            ()
                                        )
                                        ()
                                    )
                                    (=
                                        (Var 6 argv)
                                        (ListConstant
                                            []
                                            (List
                                                (Character 1 -2 ())
                                            )
                                        )
                                        ()
                                    )
                                    (DoLoop
                                        ()
                                        ((Var 6 i)
                                        (IntegerConstant 0 (Integer 4))
                                        (IntegerBinOp
                                            (Var 6 argc)
                                            Sub
                                            (IntegerConstant 1 (Integer 4))
                                            (Integer 4)
                                            ()
                                        )
                                        (IntegerConstant 1 (Integer 4)))
                                        [(ListAppend
                                            (Var 6 argv)
                                            (FunctionCall
                                                2 _lpython_get_argv
                                                ()
                                                [((Var 6 i))]
                                                (Character 1 -2 ())
                                                ()
                                                ()
                                            )
                                        )]
                                    )
                                    (=
                                        (Var 6 _lpython_return_variable)
                                        (Var 6 argv)
                                        ()
                                    )
                                    (Return)]
                                    (Var 6 _lpython_return_variable)
                                    Public
                                    .false.
                                    .false.
                                    ()
                                ),
                            _lpython_get_argc:
                                (Function
                                    (SymbolTable
                                        4
                                        {
                                            _lpython_return_variable:
                                                (Variable
                                                    4
                                                    _lpython_return_variable
                                                    []
                                                    ReturnVar
                                                    ()
                                                    ()
                                                    Default
                                                    (Integer 4)
                                                    ()
                                                    BindC
                                                    Public
                                                    Required
                                                    .false.
                                                )
                                        })
                                    _lpython_get_argc
                                    (FunctionType
                                        []
                                        (Integer 4)
                                        BindC
                                        Interface
                                        ()
                                        .false.
                                        .false.
                                        .false.
                                        .false.
                                        .false.
                                        []
                                        []
                                        .false.
                                    )
                                    []
                                    []
                                    []
                                    (Var 4 _lpython_return_variable)
                                    Public
                                    .false.
                                    .false.
                                    ()
                                ),
                            _lpython_get_argv:
                                (Function
                                    (SymbolTable
                                        5
                                        {
                                            _lpython_return_variable:
                                                (Variable
                                                    5
                                                    _lpython_return_variable
                                                    []
                                                    ReturnVar
                                                    ()
                                                    ()
                                                    Default
                                                    (Character 1 -2 ())
                                                    ()
                                                    BindC
                                                    Public
                                                    Required
                                                    .false.
                                                ),
                                            index:
                                                (Variable
                                                    5
                                                    index
                                                    []
                                                    In
                                                    ()
                                                    ()
                                                    Default
                                                    (Integer 4)
                                                    ()
                                                    BindC
                                                    Public
                                                    Required
                                                    .true.
                                                )
                                        })
                                    _lpython_get_argv
                                    (FunctionType
                                        [(Integer 4)]
                                        (Character 1 -2 ())
                                        BindC
                                        Interface
                                        ()
                                        .false.
                                        .false.
                                        .false.
                                        .false.
                                        .false.
                                        []
                                        []
                                        .false.
                                    )
                                    []
                                    [(Var 5 index)]
                                    []
                                    (Var 5 _lpython_return_variable)
                                    Public
                                    .false.
                                    .false.
                                    ()
                                ),
                            argv:
                                (Variable
                                    2
                                    argv
                                    []
                                    Local
                                    ()
                                    ()
                                    Default
                                    (List
                                        (Character 1 -2 ())
                                    )
                                    ()
                                    Source
                                    Public
                                    Required
                                    .false.
                                ),
                            exit:
                                (Function
                                    (SymbolTable
                                        3
                                        {
                                            error_code:
                                                (Variable
                                                    3
                                                    error_code
                                                    []
                                                    In
                                                    ()
                                                    ()
                                                    Default
                                                    (Integer 4)
                                                    ()
                                                    Source
                                                    Public
                                                    Required
                                                    .false.
                                                )
                                        })
                                    exit
                                    (FunctionType
                                        [(Integer 4)]
                                        ()
                                        Source
                                        Implementation
                                        ()
                                        .false.
                                        .false.
                                        .false.
                                        .false.
                                        .false.
                                        []
                                        []
                                        .false.
                                    )
                                    []
                                    [(Var 3 error_code)]
                                    [(Stop
                                        (Var 3 error_code)
                                    )]
                                    ()
                                    Public
                                    .false.
                                    .false.
                                    ()
                                ),
                            global_initializer:
                                (Function
                                    (SymbolTable
                                        8
                                        {
                                            
                                        })
                                    global_initializer
                                    (FunctionType
                                        []
                                        ()
                                        Source
                                        Implementation
                                        ()
                                        .false.
                                        .false.
                                        .false.
                                        .false.
                                        .false.
                                        []
                                        []
                                        .false.
                                    )
                                    [_lpython_argv]
                                    []
                                    [(=
                                        (Var 2 argv)
                                        (FunctionCall
                                            2 _lpython_argv
                                            ()
                                            []
                                            (List
                                                (Character 1 -2 ())
                                            )
                                            ()
                                            ()
                                        )
                                        ()
                                    )]
                                    ()
                                    Public
                                    .false.
                                    .false.
                                    ()
                                )
                        })
                    sys
                    []
                    .false.
                    .false.
                )
        })
    []
)
