(TranslationUnit
    (SymbolTable
        1
        {
            _global_symbols:
                (Module
                    (SymbolTable
                        6
                        {
                            Foo:
                                (StructType
                                    (SymbolTable
                                        2
                                        {
                                            p:
                                                (Variable
                                                    2
                                                    p
                                                    []
                                                    Local
                                                    ()
                                                    ()
                                                    Default
                                                    (Integer 4)
                                                    ()
                                                    Source
                                                    Public
                                                    Required
                                                    .false.
                                                )
                                        })
                                    Foo
                                    []
                                    [p]
                                    Source
                                    Public
                                    .false.
                                    .false.
                                    [(())]
                                    ()
                                    ()
                                ),
                            f:
                                (Function
                                    (SymbolTable
                                        3
                                        {
                                            w:
                                                (Variable
                                                    3
                                                    w
                                                    []
                                                    Out
                                                    ()
                                                    ()
                                                    Default
                                                    (Array
                                                        (Struct
                                                            6 Foo
                                                        )
                                                        [((IntegerConstant 0 (Integer 4))
                                                        (IntegerConstant 5 (Integer 4)))]
                                                        PointerToDataArray
                                                    )
                                                    ()
                                                    Source
                                                    Public
                                                    Required
                                                    .false.
                                                ),
                                            x:
                                                (Variable
                                                    3
                                                    x
                                                    []
                                                    In
                                                    ()
                                                    ()
                                                    Default
                                                    (Integer 4)
                                                    ()
                                                    Source
                                                    Public
                                                    Required
                                                    .false.
                                                ),
                                            y:
                                                (Variable
                                                    3
                                                    y
                                                    []
                                                    In
                                                    ()
                                                    ()
                                                    Default
                                                    (Real 8)
                                                    ()
                                                    Source
                                                    Public
                                                    Required
                                                    .false.
                                                ),
                                            z:
                                                (Variable
                                                    3
                                                    z
                                                    []
                                                    InOut
                                                    ()
                                                    ()
                                                    Default
                                                    (List
                                                        (UnsignedInteger
                                                            4
                                                        )
                                                    )
                                                    ()
                                                    Source
                                                    Public
                                                    Required
                                                    .false.
                                                )
                                        })
                                    f
                                    (FunctionType
                                        [(Integer 4)
                                        (Real 8)
                                        (List
                                            (UnsignedInteger
                                                4
                                            )
                                        )
                                        (Array
                                            (Struct
                                                6 Foo
                                            )
                                            [((IntegerConstant 0 (Integer 4))
                                            (IntegerConstant 5 (Integer 4)))]
                                            PointerToDataArray
                                        )]
                                        ()
                                        Source
                                        Implementation
                                        ()
                                        .false.
                                        .false.
                                        .false.
                                        .false.
                                        .false.
                                        []
                                        []
                                        .false.
                                    )
                                    []
                                    [(Var 3 x)
                                    (Var 3 y)
                                    (Var 3 z)
                                    (Var 3 w)]
                                    []
                                    ()
                                    Public
                                    .false.
                                    .false.
                                    ()
                                )
                        })
                    _global_symbols
                    []
                    .false.
                    .false.
                ),
            main_program:
                (Program
                    (SymbolTable
                        5
                        {
                            
                        })
                    main_program
                    []
                    []
                )
        })
    []
)
