(TranslationUnit
    (SymbolTable
        1
        {
            __main__:
                (Module
                    (SymbolTable
                        2
                        {
                            __main____global_statements:
                                (Function
                                    (SymbolTable
                                        201
                                        {
                                            
                                        })
                                    __main____global_statements
                                    (FunctionType
                                        []
                                        ()
                                        Source
                                        Implementation
                                        ()
                                        .false.
                                        .false.
                                        .false.
                                        .false.
                                        .false.
                                        []
                                        .false.
                                    )
                                    [f]
                                    []
                                    [(CPtrToPointer
                                        (Var 2 queries)
                                        (Var 2 x)
                                        (ArrayConstant
                                            [(IntegerConstant 1 (Integer 4))]
                                            (Array
                                                (Integer 4)
                                                [((IntegerConstant 0 (Integer 4))
                                                (IntegerConstant 1 (Integer 4)))]
                                                PointerToDataArray
                                            )
                                            RowMajor
                                        )
                                        (ArrayConstant
                                            [(IntegerConstant 0 (Integer 4))]
                                            (Array
                                                (Integer 4)
                                                [((IntegerConstant 0 (Integer 4))
                                                (IntegerConstant 1 (Integer 4)))]
                                                PointerToDataArray
                                            )
                                            RowMajor
                                        )
                                    )
                                    (Print
                                        ()
                                        [(Var 2 queries)
                                        (Var 2 x)]
                                        ()
                                        ()
                                    )
                                    (SubroutineCall
                                        2 f
                                        ()
                                        []
                                        ()
                                    )]
                                    ()
                                    Public
                                    .false.
                                    .false.
                                    ()
                                ),
                            f:
                                (Function
                                    (SymbolTable
                                        200
                                        {
                                            y:
                                                (Variable
                                                    200
                                                    y
                                                    []
                                                    Local
                                                    ()
                                                    ()
                                                    Default
                                                    (Array
                                                        (Integer 2)
                                                        [((IntegerConstant 0 (Integer 4))
                                                        (IntegerConstant 2 (Integer 4)))]
                                                        FixedSizeArray
                                                    )
                                                    ()
                                                    Source
                                                    Public
                                                    Required
                                                    .false.
                                                ),
                                            yptr1:
                                                (Variable
                                                    200
                                                    yptr1
                                                    []
                                                    Local
                                                    ()
                                                    ()
                                                    Default
                                                    (Pointer
                                                        (Array
                                                            (Integer 2)
                                                            [(()
                                                            ())]
                                                            DescriptorArray
                                                        )
                                                    )
                                                    ()
                                                    Source
                                                    Public
                                                    Required
                                                    .false.
                                                ),
                                            yq:
                                                (Variable
                                                    200
                                                    yq
                                                    []
                                                    Local
                                                    ()
                                                    ()
                                                    Default
                                                    (CPtr)
                                                    ()
                                                    Source
                                                    Public
                                                    Required
                                                    .false.
                                                )
                                        })
                                    f
                                    (FunctionType
                                        []
                                        ()
                                        Source
                                        Implementation
                                        ()
                                        .false.
                                        .false.
                                        .false.
                                        .false.
                                        .false.
                                        []
                                        .false.
                                    )
                                    []
                                    []
                                    [(=
                                        (Var 200 yq)
                                        (PointerNullConstant
                                            (CPtr)
                                        )
                                        ()
                                    )
                                    (=
                                        (ArrayItem
                                            (Var 200 y)
                                            [(()
                                            (IntegerConstant 0 (Integer 4))
                                            ())]
                                            (Integer 2)
                                            RowMajor
                                            ()
                                        )
                                        (Cast
                                            (IntegerConstant 1 (Integer 4))
                                            IntegerToInteger
                                            (Integer 2)
                                            (IntegerConstant 1 (Integer 2))
                                        )
                                        ()
                                    )
                                    (=
                                        (ArrayItem
                                            (Var 200 y)
                                            [(()
                                            (IntegerConstant 1 (Integer 4))
                                            ())]
                                            (Integer 2)
                                            RowMajor
                                            ()
                                        )
                                        (Cast
                                            (IntegerConstant 2 (Integer 4))
                                            IntegerToInteger
                                            (Integer 2)
                                            (IntegerConstant 2 (Integer 2))
                                        )
                                        ()
                                    )
                                    (=
                                        (Var 200 yptr1)
                                        (GetPointer
                                            (Var 200 y)
                                            (Pointer
                                                (Array
                                                    (Integer 2)
                                                    [(()
                                                    ())]
                                                    DescriptorArray
                                                )
                                            )
                                            ()
                                        )
                                        ()
                                    )
                                    (Print
                                        ()
                                        [(GetPointer
                                            (Var 200 y)
                                            (Pointer
                                                (Array
                                                    (Integer 2)
                                                    [(()
                                                    ())]
                                                    DescriptorArray
                                                )
                                            )
                                            ()
                                        )
                                        (Var 200 yptr1)]
                                        ()
                                        ()
                                    )
                                    (Print
                                        ()
                                        [(ArrayItem
                                            (Var 200 yptr1)
                                            [(()
                                            (IntegerConstant 0 (Integer 4))
                                            ())]
                                            (Integer 2)
                                            RowMajor
                                            ()
                                        )
                                        (ArrayItem
                                            (Var 200 yptr1)
                                            [(()
                                            (IntegerConstant 1 (Integer 4))
                                            ())]
                                            (Integer 2)
                                            RowMajor
                                            ()
                                        )]
                                        ()
                                        ()
                                    )
                                    (Assert
                                        (IntegerCompare
                                            (ArrayItem
                                                (Var 200 yptr1)
                                                [(()
                                                (IntegerConstant 0 (Integer 4))
                                                ())]
                                                (Integer 2)
                                                RowMajor
                                                ()
                                            )
                                            Eq
                                            (Cast
                                                (IntegerConstant 1 (Integer 4))
                                                IntegerToInteger
                                                (Integer 2)
                                                (IntegerConstant 1 (Integer 2))
                                            )
                                            (Logical 4)
                                            ()
                                        )
                                        ()
                                    )
                                    (Assert
                                        (IntegerCompare
                                            (ArrayItem
                                                (Var 200 yptr1)
                                                [(()
                                                (IntegerConstant 1 (Integer 4))
                                                ())]
                                                (Integer 2)
                                                RowMajor
                                                ()
                                            )
                                            Eq
                                            (Cast
                                                (IntegerConstant 2 (Integer 4))
                                                IntegerToInteger
                                                (Integer 2)
                                                (IntegerConstant 2 (Integer 2))
                                            )
                                            (Logical 4)
                                            ()
                                        )
                                        ()
                                    )
                                    (CPtrToPointer
                                        (Var 200 yq)
                                        (Var 200 yptr1)
                                        (ArrayConstant
                                            [(IntegerConstant 2 (Integer 4))]
                                            (Array
                                                (Integer 4)
                                                [((IntegerConstant 0 (Integer 4))
                                                (IntegerConstant 1 (Integer 4)))]
                                                PointerToDataArray
                                            )
                                            RowMajor
                                        )
                                        (ArrayConstant
                                            [(IntegerConstant 0 (Integer 4))]
                                            (Array
                                                (Integer 4)
                                                [((IntegerConstant 0 (Integer 4))
                                                (IntegerConstant 1 (Integer 4)))]
                                                PointerToDataArray
                                            )
                                            RowMajor
                                        )
                                    )
                                    (Print
                                        ()
                                        [(Var 200 yq)
                                        (Var 200 yptr1)]
                                        ()
                                        ()
                                    )]
                                    ()
                                    Public
                                    .false.
                                    .false.
                                    ()
                                ),
                            queries:
                                (Variable
                                    2
                                    queries
                                    []
                                    Local
                                    (PointerNullConstant
                                        (CPtr)
                                    )
                                    (PointerNullConstant
                                        (CPtr)
                                    )
                                    Default
                                    (CPtr)
                                    ()
                                    Source
                                    Public
                                    Required
                                    .false.
                                ),
                            x:
                                (Variable
                                    2
                                    x
                                    []
                                    Local
                                    ()
                                    ()
                                    Default
                                    (Pointer
                                        (Array
                                            (Integer 2)
                                            [(()
                                            ())]
                                            DescriptorArray
                                        )
                                    )
                                    ()
                                    Source
                                    Public
                                    Required
                                    .false.
                                )
                        })
                    __main__
                    [numpy]
                    .false.
                    .false.
                ),
            lpython_builtin:
                (IntrinsicModule lpython_builtin),
            main_program:
                (Program
                    (SymbolTable
                        202
                        {
                            __main____global_statements:
                                (ExternalSymbol
                                    202
                                    __main____global_statements
                                    2 __main____global_statements
                                    __main__
                                    []
                                    __main____global_statements
                                    Public
                                )
                        })
                    main_program
                    [__main__]
                    [(SubroutineCall
                        202 __main____global_statements
                        2 __main____global_statements
                        []
                        ()
                    )]
                ),
            numpy:
                (Module numpy)
        })
    []
)
