(TranslationUnit
    (SymbolTable
        1
        {
            __main__:
                (Module
                    (SymbolTable
                        2
                        {
                            S:
                                (StructType
                                    (SymbolTable
                                        3
                                        {
                                            x:
                                                (Variable
                                                    3
                                                    x
                                                    []
                                                    Local
                                                    ()
                                                    ()
                                                    Default
                                                    (Integer 4)
                                                    ()
                                                    Source
                                                    Public
                                                    Required
                                                    .false.
                                                ),
                                            y:
                                                (Variable
                                                    3
                                                    y
                                                    []
                                                    Local
                                                    ()
                                                    ()
                                                    Default
                                                    (Integer 4)
                                                    ()
                                                    Source
                                                    Public
                                                    Required
                                                    .false.
                                                )
                                        })
                                    S
                                    []
                                    [x
                                    y]
                                    Source
                                    Public
                                    .false.
                                    .false.
                                    [(())
                                    (())]
                                    ()
                                    ()
                                ),
                            __main____global_statements:
                                (Function
                                    (SymbolTable
                                        6
                                        {
                                            
                                        })
                                    __main____global_statements
                                    (FunctionType
                                        []
                                        ()
                                        Source
                                        Implementation
                                        ()
                                        .false.
                                        .false.
                                        .false.
                                        .false.
                                        .false.
                                        []
                                        .false.
                                    )
                                    [main0]
                                    []
                                    [(SubroutineCall
                                        2 main0
                                        ()
                                        []
                                        ()
                                    )]
                                    ()
                                    Public
                                    .false.
                                    .false.
                                    ()
                                ),
                            main0:
                                (Function
                                    (SymbolTable
                                        4
                                        {
                                            s:
                                                (Variable
                                                    4
                                                    s
                                                    []
                                                    Local
                                                    ()
                                                    ()
                                                    Default
                                                    (Struct
                                                        2 S
                                                    )
                                                    ()
                                                    Source
                                                    Public
                                                    Required
                                                    .false.
                                                )
                                        })
                                    main0
                                    (FunctionType
                                        []
                                        ()
                                        Source
                                        Implementation
                                        ()
                                        .false.
                                        .false.
                                        .false.
                                        .false.
                                        .false.
                                        []
                                        .false.
                                    )
                                    []
                                    []
                                    [(=
                                        (Var 4 s)
                                        (StructTypeConstructor
                                            2 S
                                            [((IntegerConstant 2 (Integer 4)))
                                            (())]
                                            (Struct
                                                2 S
                                            )
                                            ()
                                        )
                                        ()
                                    )]
                                    ()
                                    Public
                                    .false.
                                    .false.
                                    ()
                                )
                        })
                    __main__
                    []
                    .false.
                    .false.
                ),
            main_program:
                (Program
                    (SymbolTable
                        7
                        {
                            __main____global_statements:
                                (ExternalSymbol
                                    7
                                    __main____global_statements
                                    2 __main____global_statements
                                    __main__
                                    []
                                    __main____global_statements
                                    Public
                                )
                        })
                    main_program
                    [__main__]
                    [(SubroutineCall
                        7 __main____global_statements
                        2 __main____global_statements
                        []
                        ()
                    )]
                )
        })
    []
)
