(TranslationUnit
    (SymbolTable
        1
        {
            __main__:
                (Module
                    (SymbolTable
                        2
                        {
                            __main____global_statements:
                                (Function
                                    (SymbolTable
                                        5
                                        {
                                            
                                        })
                                    __main____global_statements
                                    (FunctionType
                                        []
                                        ()
                                        Source
                                        Implementation
                                        ()
                                        .false.
                                        .false.
                                        .false.
                                        .false.
                                        .false.
                                        []
                                        .false.
                                    )
                                    [test_for]
                                    []
                                    [(SubroutineCall
                                        2 test_for
                                        ()
                                        []
                                        ()
                                    )]
                                    ()
                                    Public
                                    .false.
                                    .false.
                                    ()
                                ),
                            test_for:
                                (Function
                                    (SymbolTable
                                        3
                                        {
                                            i:
                                                (Variable
                                                    3
                                                    i
                                                    []
                                                    Local
                                                    ()
                                                    ()
                                                    Default
                                                    (Integer 4)
                                                    ()
                                                    Source
                                                    Public
                                                    Required
                                                    .false.
                                                )
                                        })
                                    test_for
                                    (FunctionType
                                        []
                                        ()
                                        Source
                                        Implementation
                                        ()
                                        .false.
                                        .false.
                                        .false.
                                        .false.
                                        .false.
                                        []
                                        .false.
                                    )
                                    []
                                    []
                                    [(DoLoop
                                        ()
                                        ((Var 3 i)
                                        (IntegerConstant 0 (Integer 4))
                                        (IntegerBinOp
                                            (IntegerConstant 10 (Integer 4))
                                            Sub
                                            (IntegerConstant 1 (Integer 4))
                                            (Integer 4)
                                            (IntegerConstant 9 (Integer 4))
                                        )
                                        (IntegerConstant 1 (Integer 4)))
                                        [(If
                                            (IntegerCompare
                                                (Var 3 i)
                                                Eq
                                                (IntegerConstant 0 (Integer 4))
                                                (Logical 4)
                                                ()
                                            )
                                            [(Cycle
                                                ()
                                            )]
                                            []
                                        )
                                        (If
                                            (IntegerCompare
                                                (Var 3 i)
                                                Gt
                                                (IntegerConstant 5 (Integer 4))
                                                (Logical 4)
                                                ()
                                            )
                                            [(Exit
                                                ()
                                            )]
                                            []
                                        )
                                        (If
                                            (IntegerCompare
                                                (Var 3 i)
                                                Eq
                                                (IntegerConstant 3 (Integer 4))
                                                (Logical 4)
                                                ()
                                            )
                                            [(Stop
                                                ()
                                            )]
                                            []
                                        )]
                                    )]
                                    ()
                                    Public
                                    .false.
                                    .false.
                                    ()
                                )
                        })
                    __main__
                    []
                    .false.
                    .false.
                ),
            main_program:
                (Program
                    (SymbolTable
                        6
                        {
                            __main____global_statements:
                                (ExternalSymbol
                                    6
                                    __main____global_statements
                                    2 __main____global_statements
                                    __main__
                                    []
                                    __main____global_statements
                                    Public
                                )
                        })
                    main_program
                    [__main__]
                    [(SubroutineCall
                        6 __main____global_statements
                        2 __main____global_statements
                        []
                        ()
                    )]
                )
        })
    []
)
