#include <inttypes.h>

#include <stdlib.h>
#include <stdbool.h>
#include <stdio.h>
#include <string.h>
#include <lfortran_intrinsics.h>

void f();
void __main____global_statements();



// Implementations
void f()
{
    bool b;
    int32_t i;
    i = 3;
    b = (bool)(i);
    ASSERT(b);
    printf("%d\n", b);
}

void __main____global_statements()
{
    f();
}

int main(int argc, char* argv[])
{
    _lpython_set_argv(argc, argv);
    __main____global_statements();
    return 0;
}
